/*C1*/SET SCHEMA SYSTEM_LOBS
INSERT INTO BLOCKS VALUES(0,2147483647,0)
COMMIT
/*C12*/SET SCHEMA PUBLIC
DISCONNECT
/*C21*/SET SCHEMA PUBLIC
DISCONNECT
/*C20*/SET SCHEMA PUBLIC
DISCONNECT
/*C18*/SET SCHEMA PUBLIC
DISCONNECT
/*C16*/SET SCHEMA PUBLIC
DISCONNECT
/*C14*/SET SCHEMA PUBLIC
DISCONNECT
/*C13*/SET SCHEMA PUBLIC
DISCONNECT
/*C15*/SET SCHEMA PUBLIC
DISCONNECT
/*C17*/SET SCHEMA PUBLIC
DISCONNECT
/*C19*/SET SCHEMA PUBLIC
DISCONNECT
/*C22*/SET SCHEMA PUBLIC
DISCONNECT
/*C2*/SET SCHEMA PUBLIC
DISCONNECT
/*C4*/SET SCHEMA PUBLIC
DISCONNECT
/*C6*/SET SCHEMA PUBLIC
DISCONNECT
/*C8*/SET SCHEMA PUBLIC
DISCONNECT
/*C10*/SET SCHEMA PUBLIC
DISCONNECT
/*C30*/SET SCHEMA PUBLIC
DISCONNECT
/*C24*/SET SCHEMA PUBLIC
DISCONNECT
/*C26*/SET SCHEMA PUBLIC
DISCONNECT
/*C28*/SET SCHEMA PUBLIC
DISCONNECT
/*C23*/SET SCHEMA PUBLIC
DISCONNECT
/*C31*/SET SCHEMA PUBLIC
DISCONNECT
/*C3*/SET SCHEMA PUBLIC
DISCONNECT
/*C5*/SET SCHEMA PUBLIC
DISCONNECT
/*C7*/SET SCHEMA PUBLIC
DISCONNECT
/*C9*/SET SCHEMA PUBLIC
DISCONNECT
/*C11*/SET SCHEMA PUBLIC
DISCONNECT
/*C25*/SET SCHEMA PUBLIC
DISCONNECT
/*C27*/SET SCHEMA PUBLIC
DISCONNECT
/*C29*/SET SCHEMA PUBLIC
DISCONNECT
/*C32*/SET SCHEMA PUBLIC
DISCONNECT
/*C34*/SET SCHEMA PUBLIC
DISCONNECT
/*C36*/SET SCHEMA PUBLIC
DISCONNECT
/*C38*/SET SCHEMA PUBLIC
DISCONNECT
/*C40*/SET SCHEMA PUBLIC
DISCONNECT
/*C33*/SET SCHEMA PUBLIC
DISCONNECT
/*C35*/SET SCHEMA PUBLIC
DISCONNECT
/*C37*/SET SCHEMA PUBLIC
DISCONNECT
/*C39*/SET SCHEMA PUBLIC
DISCONNECT
/*C41*/SET SCHEMA PUBLIC
DISCONNECT
/*C52*/SET SCHEMA PUBLIC
DISCONNECT
/*C60*/SET SCHEMA PUBLIC
DISCONNECT
/*C58*/SET SCHEMA PUBLIC
DISCONNECT
/*C56*/SET SCHEMA PUBLIC
DISCONNECT
/*C54*/SET SCHEMA PUBLIC
DISCONNECT
/*C61*/SET SCHEMA PUBLIC
DISCONNECT
/*C59*/SET SCHEMA PUBLIC
DISCONNECT
/*C57*/SET SCHEMA PUBLIC
DISCONNECT
/*C55*/SET SCHEMA PUBLIC
DISCONNECT
/*C53*/SET SCHEMA PUBLIC
DISCONNECT
/*C66*/SET SCHEMA PUBLIC
DISCONNECT
/*C62*/SET SCHEMA PUBLIC
DISCONNECT
/*C64*/SET SCHEMA PUBLIC
DISCONNECT
/*C42*/SET SCHEMA PUBLIC
DISCONNECT
/*C44*/SET SCHEMA PUBLIC
DISCONNECT
/*C46*/SET SCHEMA PUBLIC
DISCONNECT
/*C48*/SET SCHEMA PUBLIC
DISCONNECT
/*C50*/SET SCHEMA PUBLIC
DISCONNECT
/*C68*/SET SCHEMA PUBLIC
DISCONNECT
/*C70*/SET SCHEMA PUBLIC
DISCONNECT
/*C65*/SET SCHEMA PUBLIC
DISCONNECT
/*C63*/SET SCHEMA PUBLIC
DISCONNECT
/*C43*/SET SCHEMA PUBLIC
DISCONNECT
/*C45*/SET SCHEMA PUBLIC
DISCONNECT
/*C47*/SET SCHEMA PUBLIC
DISCONNECT
/*C49*/SET SCHEMA PUBLIC
DISCONNECT
/*C51*/SET SCHEMA PUBLIC
DISCONNECT
/*C67*/SET SCHEMA PUBLIC
DISCONNECT
/*C69*/SET SCHEMA PUBLIC
DISCONNECT
/*C71*/SET SCHEMA PUBLIC
DISCONNECT
/*C72*/SET SCHEMA PUBLIC
DISCONNECT
/*C73*/SET SCHEMA PUBLIC
DISCONNECT
/*C75*/SET SCHEMA PUBLIC
DISCONNECT
/*C77*/SET SCHEMA PUBLIC
DISCONNECT
/*C79*/SET SCHEMA PUBLIC
DISCONNECT
/*C81*/SET SCHEMA PUBLIC
DISCONNECT
/*C74*/SET SCHEMA PUBLIC
DISCONNECT
/*C76*/SET SCHEMA PUBLIC
DISCONNECT
/*C78*/SET SCHEMA PUBLIC
DISCONNECT
/*C80*/SET SCHEMA PUBLIC
DISCONNECT
/*C101*/SET SCHEMA PUBLIC
DISCONNECT
/*C99*/SET SCHEMA PUBLIC
DISCONNECT
/*C97*/SET SCHEMA PUBLIC
DISCONNECT
/*C100*/SET SCHEMA PUBLIC
DISCONNECT
/*C98*/SET SCHEMA PUBLIC
DISCONNECT
/*C96*/SET SCHEMA PUBLIC
DISCONNECT
/*C95*/SET SCHEMA PUBLIC
DISCONNECT
/*C94*/SET SCHEMA PUBLIC
DISCONNECT
/*C93*/SET SCHEMA PUBLIC
DISCONNECT
/*C92*/SET SCHEMA PUBLIC
DISCONNECT
/*C83*/SET SCHEMA PUBLIC
DISCONNECT
/*C82*/SET SCHEMA PUBLIC
DISCONNECT
/*C85*/SET SCHEMA PUBLIC
DISCONNECT
/*C84*/SET SCHEMA PUBLIC
DISCONNECT
/*C87*/SET SCHEMA PUBLIC
DISCONNECT
/*C86*/SET SCHEMA PUBLIC
DISCONNECT
/*C88*/SET SCHEMA PUBLIC
DISCONNECT
/*C90*/SET SCHEMA PUBLIC
DISCONNECT
/*C89*/SET SCHEMA PUBLIC
DISCONNECT
/*C91*/SET SCHEMA PUBLIC
DISCONNECT
/*C103*/SET SCHEMA PUBLIC
DISCONNECT
/*C105*/SET SCHEMA PUBLIC
DISCONNECT
/*C107*/SET SCHEMA PUBLIC
DISCONNECT
/*C109*/SET SCHEMA PUBLIC
DISCONNECT
/*C111*/SET SCHEMA PUBLIC
DISCONNECT
/*C102*/SET SCHEMA PUBLIC
DISCONNECT
/*C104*/SET SCHEMA PUBLIC
DISCONNECT
/*C106*/SET SCHEMA PUBLIC
DISCONNECT
/*C108*/SET SCHEMA PUBLIC
DISCONNECT
/*C110*/SET SCHEMA PUBLIC
DISCONNECT
/*C112*/SET SCHEMA PUBLIC
DISCONNECT
/*C120*/SET SCHEMA PUBLIC
DISCONNECT
/*C113*/SET SCHEMA PUBLIC
DISCONNECT
/*C115*/SET SCHEMA PUBLIC
DISCONNECT
/*C118*/SET SCHEMA PUBLIC
DISCONNECT
/*C114*/SET SCHEMA PUBLIC
DISCONNECT
/*C116*/SET SCHEMA PUBLIC
DISCONNECT
/*C121*/SET SCHEMA PUBLIC
DISCONNECT
/*C119*/SET SCHEMA PUBLIC
DISCONNECT
/*C117*/SET SCHEMA PUBLIC
DISCONNECT
/*C122*/SET SCHEMA PUBLIC
DISCONNECT
/*C123*/SET SCHEMA PUBLIC
DISCONNECT
/*C125*/SET SCHEMA PUBLIC
DISCONNECT
/*C127*/SET SCHEMA PUBLIC
DISCONNECT
/*C129*/SET SCHEMA PUBLIC
DISCONNECT
/*C131*/SET SCHEMA PUBLIC
DISCONNECT
/*C126*/SET SCHEMA PUBLIC
DISCONNECT
/*C128*/SET SCHEMA PUBLIC
DISCONNECT
/*C130*/SET SCHEMA PUBLIC
DISCONNECT
/*C124*/SET SCHEMA PUBLIC
DISCONNECT
/*C133*/SET SCHEMA PUBLIC
DISCONNECT
/*C135*/SET SCHEMA PUBLIC
DISCONNECT
/*C137*/SET SCHEMA PUBLIC
DISCONNECT
/*C139*/SET SCHEMA PUBLIC
DISCONNECT
/*C141*/SET SCHEMA PUBLIC
DISCONNECT
/*C132*/SET SCHEMA PUBLIC
DISCONNECT
/*C134*/SET SCHEMA PUBLIC
DISCONNECT
/*C140*/SET SCHEMA PUBLIC
DISCONNECT
/*C138*/SET SCHEMA PUBLIC
DISCONNECT
/*C136*/SET SCHEMA PUBLIC
DISCONNECT
/*C142*/SET SCHEMA PUBLIC
DISCONNECT
/*C144*/SET SCHEMA PUBLIC
DISCONNECT
/*C143*/SET SCHEMA PUBLIC
DISCONNECT
/*C146*/SET SCHEMA PUBLIC
DISCONNECT
/*C147*/SET SCHEMA PUBLIC
DISCONNECT
/*C145*/SET SCHEMA PUBLIC
DISCONNECT
/*C148*/SET SCHEMA PUBLIC
DISCONNECT
/*C150*/SET SCHEMA PUBLIC
DISCONNECT
/*C151*/SET SCHEMA PUBLIC
DISCONNECT
/*C149*/SET SCHEMA PUBLIC
DISCONNECT
/*C152*/SET SCHEMA PUBLIC
DISCONNECT
/*C153*/SET SCHEMA PUBLIC
DISCONNECT
/*C155*/SET SCHEMA PUBLIC
DISCONNECT
/*C154*/SET SCHEMA PUBLIC
DISCONNECT
/*C156*/SET SCHEMA PUBLIC
DISCONNECT
/*C158*/SET SCHEMA PUBLIC
DISCONNECT
/*C157*/SET SCHEMA PUBLIC
DISCONNECT
/*C160*/SET SCHEMA PUBLIC
DISCONNECT
/*C159*/SET SCHEMA PUBLIC
DISCONNECT
/*C161*/SET SCHEMA PUBLIC
DISCONNECT
/*C162*/SET SCHEMA PUBLIC
DISCONNECT
/*C164*/SET SCHEMA PUBLIC
DISCONNECT
/*C163*/SET SCHEMA PUBLIC
DISCONNECT
/*C171*/SET SCHEMA PUBLIC
DISCONNECT
/*C169*/SET SCHEMA PUBLIC
DISCONNECT
/*C167*/SET SCHEMA PUBLIC
DISCONNECT
/*C172*/SET SCHEMA PUBLIC
DISCONNECT
/*C170*/SET SCHEMA PUBLIC
DISCONNECT
/*C166*/SET SCHEMA PUBLIC
DISCONNECT
/*C165*/SET SCHEMA PUBLIC
DISCONNECT
/*C168*/SET SCHEMA PUBLIC
DISCONNECT
/*C174*/SET SCHEMA PUBLIC
DISCONNECT
/*C173*/SET SCHEMA PUBLIC
DISCONNECT
/*C176*/SET SCHEMA PUBLIC
DISCONNECT
/*C181*/SET SCHEMA PUBLIC
DISCONNECT
/*C178*/SET SCHEMA PUBLIC
DISCONNECT
/*C175*/SET SCHEMA PUBLIC
DISCONNECT
/*C182*/SET SCHEMA PUBLIC
DISCONNECT
/*C179*/SET SCHEMA PUBLIC
DISCONNECT
/*C180*/SET SCHEMA PUBLIC
DISCONNECT
/*C177*/SET SCHEMA PUBLIC
DISCONNECT
/*C183*/SET SCHEMA PUBLIC
DISCONNECT
/*C189*/SET SCHEMA PUBLIC
DISCONNECT
/*C190*/SET SCHEMA PUBLIC
DISCONNECT
/*C187*/SET SCHEMA PUBLIC
DISCONNECT
/*C188*/SET SCHEMA PUBLIC
DISCONNECT
/*C184*/SET SCHEMA PUBLIC
DISCONNECT
/*C185*/SET SCHEMA PUBLIC
DISCONNECT
/*C186*/SET SCHEMA PUBLIC
DISCONNECT
/*C192*/SET SCHEMA PUBLIC
DISCONNECT
/*C191*/SET SCHEMA PUBLIC
DISCONNECT
/*C193*/SET SCHEMA PUBLIC
DISCONNECT
/*C194*/SET SCHEMA PUBLIC
DISCONNECT
/*C202*/SET SCHEMA PUBLIC
DISCONNECT
/*C195*/SET SCHEMA PUBLIC
DISCONNECT
/*C198*/SET SCHEMA PUBLIC
DISCONNECT
/*C196*/SET SCHEMA PUBLIC
DISCONNECT
/*C200*/SET SCHEMA PUBLIC
DISCONNECT
/*C201*/SET SCHEMA PUBLIC
DISCONNECT
/*C199*/SET SCHEMA PUBLIC
DISCONNECT
/*C197*/SET SCHEMA PUBLIC
DISCONNECT
/*C203*/SET SCHEMA PUBLIC
DISCONNECT
/*C212*/SET SCHEMA PUBLIC
DISCONNECT
/*C208*/SET SCHEMA PUBLIC
DISCONNECT
/*C206*/SET SCHEMA PUBLIC
DISCONNECT
/*C204*/SET SCHEMA PUBLIC
DISCONNECT
/*C210*/SET SCHEMA PUBLIC
DISCONNECT
/*C205*/SET SCHEMA PUBLIC
DISCONNECT
/*C211*/SET SCHEMA PUBLIC
DISCONNECT
/*C209*/SET SCHEMA PUBLIC
DISCONNECT
/*C207*/SET SCHEMA PUBLIC
DISCONNECT
/*C213*/SET SCHEMA PUBLIC
DISCONNECT
/*C214*/SET SCHEMA PUBLIC
DISCONNECT
/*C215*/SET SCHEMA PUBLIC
DISCONNECT
/*C222*/SET SCHEMA PUBLIC
DISCONNECT
/*C218*/SET SCHEMA PUBLIC
DISCONNECT
/*C216*/SET SCHEMA PUBLIC
DISCONNECT
/*C221*/SET SCHEMA PUBLIC
DISCONNECT
/*C219*/SET SCHEMA PUBLIC
DISCONNECT
/*C217*/SET SCHEMA PUBLIC
DISCONNECT
/*C220*/SET SCHEMA PUBLIC
DISCONNECT
/*C223*/SET SCHEMA PUBLIC
DISCONNECT
/*C224*/SET SCHEMA PUBLIC
DISCONNECT
/*C226*/SET SCHEMA PUBLIC
DISCONNECT
/*C228*/SET SCHEMA PUBLIC
DISCONNECT
/*C230*/SET SCHEMA PUBLIC
DISCONNECT
/*C232*/SET SCHEMA PUBLIC
DISCONNECT
/*C225*/SET SCHEMA PUBLIC
DISCONNECT
/*C227*/SET SCHEMA PUBLIC
DISCONNECT
/*C229*/SET SCHEMA PUBLIC
DISCONNECT
/*C231*/SET SCHEMA PUBLIC
DISCONNECT
/*C233*/SET SCHEMA PUBLIC
DISCONNECT
/*C234*/SET SCHEMA PUBLIC
DISCONNECT
/*C235*/SET SCHEMA PUBLIC
DISCONNECT
/*C236*/SET SCHEMA PUBLIC
DISCONNECT
/*C242*/SET SCHEMA PUBLIC
DISCONNECT
/*C237*/SET SCHEMA PUBLIC
DISCONNECT
/*C238*/SET SCHEMA PUBLIC
DISCONNECT
/*C240*/SET SCHEMA PUBLIC
DISCONNECT
/*C239*/SET SCHEMA PUBLIC
DISCONNECT
/*C241*/SET SCHEMA PUBLIC
DISCONNECT
/*C244*/SET SCHEMA PUBLIC
DISCONNECT
/*C246*/SET SCHEMA PUBLIC
DISCONNECT
/*C248*/SET SCHEMA PUBLIC
DISCONNECT
/*C250*/SET SCHEMA PUBLIC
DISCONNECT
/*C252*/SET SCHEMA PUBLIC
DISCONNECT
/*C243*/SET SCHEMA PUBLIC
DISCONNECT
/*C245*/SET SCHEMA PUBLIC
DISCONNECT
/*C247*/SET SCHEMA PUBLIC
DISCONNECT
/*C249*/SET SCHEMA PUBLIC
DISCONNECT
/*C251*/SET SCHEMA PUBLIC
DISCONNECT
/*C253*/SET SCHEMA PUBLIC
DISCONNECT
/*C257*/SET SCHEMA PUBLIC
DISCONNECT
/*C259*/SET SCHEMA PUBLIC
DISCONNECT
/*C261*/SET SCHEMA PUBLIC
DISCONNECT
/*C262*/SET SCHEMA PUBLIC
DISCONNECT
/*C258*/SET SCHEMA PUBLIC
DISCONNECT
/*C256*/SET SCHEMA PUBLIC
DISCONNECT
/*C254*/SET SCHEMA PUBLIC
DISCONNECT
/*C255*/SET SCHEMA PUBLIC
DISCONNECT
/*C260*/SET SCHEMA PUBLIC
DISCONNECT
/*C263*/SET SCHEMA PUBLIC
DISCONNECT
/*C264*/SET SCHEMA PUBLIC
DISCONNECT
/*C272*/SET SCHEMA PUBLIC
DISCONNECT
/*C268*/SET SCHEMA PUBLIC
DISCONNECT
/*C266*/SET SCHEMA PUBLIC
DISCONNECT
/*C267*/SET SCHEMA PUBLIC
DISCONNECT
/*C269*/SET SCHEMA PUBLIC
DISCONNECT
/*C271*/SET SCHEMA PUBLIC
DISCONNECT
/*C270*/SET SCHEMA PUBLIC
DISCONNECT
/*C265*/SET SCHEMA PUBLIC
DISCONNECT
/*C273*/SET SCHEMA PUBLIC
DISCONNECT
/*C282*/SET SCHEMA PUBLIC
DISCONNECT
/*C275*/SET SCHEMA PUBLIC
DISCONNECT
/*C280*/SET SCHEMA PUBLIC
DISCONNECT
/*C276*/SET SCHEMA PUBLIC
DISCONNECT
/*C274*/SET SCHEMA PUBLIC
DISCONNECT
/*C277*/SET SCHEMA PUBLIC
DISCONNECT
/*C278*/SET SCHEMA PUBLIC
DISCONNECT
/*C281*/SET SCHEMA PUBLIC
DISCONNECT
/*C279*/SET SCHEMA PUBLIC
DISCONNECT
/*C283*/SET SCHEMA PUBLIC
DISCONNECT
/*C285*/SET SCHEMA PUBLIC
DISCONNECT
/*C287*/SET SCHEMA PUBLIC
DISCONNECT
/*C289*/SET SCHEMA PUBLIC
DISCONNECT
/*C284*/SET SCHEMA PUBLIC
DISCONNECT
/*C286*/SET SCHEMA PUBLIC
DISCONNECT
/*C291*/SET SCHEMA PUBLIC
DISCONNECT
/*C292*/SET SCHEMA PUBLIC
DISCONNECT
/*C290*/SET SCHEMA PUBLIC
DISCONNECT
/*C288*/SET SCHEMA PUBLIC
DISCONNECT
/*C293*/SET SCHEMA PUBLIC
DISCONNECT
/*C295*/SET SCHEMA PUBLIC
DISCONNECT
/*C297*/SET SCHEMA PUBLIC
DISCONNECT
/*C299*/SET SCHEMA PUBLIC
DISCONNECT
/*C301*/SET SCHEMA PUBLIC
DISCONNECT
/*C294*/SET SCHEMA PUBLIC
DISCONNECT
/*C302*/SET SCHEMA PUBLIC
DISCONNECT
/*C298*/SET SCHEMA PUBLIC
DISCONNECT
/*C296*/SET SCHEMA PUBLIC
DISCONNECT
/*C300*/SET SCHEMA PUBLIC
DISCONNECT
/*C303*/SET SCHEMA PUBLIC
DISCONNECT
/*C312*/SET SCHEMA PUBLIC
DISCONNECT
/*C305*/SET SCHEMA PUBLIC
DISCONNECT
/*C308*/SET SCHEMA PUBLIC
DISCONNECT
/*C304*/SET SCHEMA PUBLIC
DISCONNECT
/*C306*/SET SCHEMA PUBLIC
DISCONNECT
/*C307*/SET SCHEMA PUBLIC
DISCONNECT
/*C310*/SET SCHEMA PUBLIC
DISCONNECT
/*C309*/SET SCHEMA PUBLIC
DISCONNECT
/*C311*/SET SCHEMA PUBLIC
DISCONNECT
/*C313*/SET SCHEMA PUBLIC
DISCONNECT
/*C322*/SET SCHEMA PUBLIC
DISCONNECT
/*C318*/SET SCHEMA PUBLIC
DISCONNECT
/*C314*/SET SCHEMA PUBLIC
DISCONNECT
/*C316*/SET SCHEMA PUBLIC
DISCONNECT
/*C320*/SET SCHEMA PUBLIC
DISCONNECT
/*C321*/SET SCHEMA PUBLIC
DISCONNECT
/*C317*/SET SCHEMA PUBLIC
DISCONNECT
/*C315*/SET SCHEMA PUBLIC
DISCONNECT
/*C319*/SET SCHEMA PUBLIC
DISCONNECT
/*C323*/SET SCHEMA PUBLIC
DISCONNECT
/*C332*/SET SCHEMA PUBLIC
DISCONNECT
/*C329*/SET SCHEMA PUBLIC
DISCONNECT
/*C328*/SET SCHEMA PUBLIC
DISCONNECT
/*C324*/SET SCHEMA PUBLIC
DISCONNECT
/*C325*/SET SCHEMA PUBLIC
DISCONNECT
/*C326*/SET SCHEMA PUBLIC
DISCONNECT
/*C330*/SET SCHEMA PUBLIC
DISCONNECT
/*C327*/SET SCHEMA PUBLIC
DISCONNECT
/*C331*/SET SCHEMA PUBLIC
DISCONNECT
/*C333*/SET SCHEMA PUBLIC
DISCONNECT
/*C334*/SET SCHEMA PUBLIC
DISCONNECT
/*C335*/SET SCHEMA PUBLIC
DISCONNECT
/*C336*/SET SCHEMA PUBLIC
DISCONNECT
/*C337*/SET SCHEMA PUBLIC
DISCONNECT
/*C338*/SET SCHEMA PUBLIC
DISCONNECT
/*C339*/SET SCHEMA PUBLIC
DISCONNECT
/*C340*/SET SCHEMA PUBLIC
DISCONNECT
/*C342*/SET SCHEMA PUBLIC
DISCONNECT
/*C341*/SET SCHEMA PUBLIC
DISCONNECT
/*C343*/SET SCHEMA PUBLIC
DISCONNECT
/*C344*/SET SCHEMA PUBLIC
DISCONNECT
/*C352*/SET SCHEMA PUBLIC
DISCONNECT
/*C350*/SET SCHEMA PUBLIC
DISCONNECT
/*C348*/SET SCHEMA PUBLIC
DISCONNECT
/*C351*/SET SCHEMA PUBLIC
DISCONNECT
/*C349*/SET SCHEMA PUBLIC
DISCONNECT
/*C347*/SET SCHEMA PUBLIC
DISCONNECT
/*C345*/SET SCHEMA PUBLIC
DISCONNECT
/*C346*/SET SCHEMA PUBLIC
DISCONNECT
/*C360*/SET SCHEMA PUBLIC
DISCONNECT
/*C364*/SET SCHEMA PUBLIC
DISCONNECT
/*C358*/SET SCHEMA PUBLIC
DISCONNECT
/*C356*/SET SCHEMA PUBLIC
DISCONNECT
/*C362*/SET SCHEMA PUBLIC
DISCONNECT
/*C354*/SET SCHEMA PUBLIC
DISCONNECT
/*C361*/SET SCHEMA PUBLIC
DISCONNECT
/*C359*/SET SCHEMA PUBLIC
DISCONNECT
/*C363*/SET SCHEMA PUBLIC
DISCONNECT
/*C357*/SET SCHEMA PUBLIC
DISCONNECT
/*C355*/SET SCHEMA PUBLIC
DISCONNECT
/*C353*/SET SCHEMA PUBLIC
DISCONNECT
/*C366*/SET SCHEMA PUBLIC
DISCONNECT
/*C368*/SET SCHEMA PUBLIC
DISCONNECT
/*C372*/SET SCHEMA PUBLIC
DISCONNECT
/*C367*/SET SCHEMA PUBLIC
DISCONNECT
/*C374*/SET SCHEMA PUBLIC
DISCONNECT
/*C370*/SET SCHEMA PUBLIC
DISCONNECT
/*C376*/SET SCHEMA PUBLIC
DISCONNECT
/*C369*/SET SCHEMA PUBLIC
DISCONNECT
/*C371*/SET SCHEMA PUBLIC
DISCONNECT
/*C373*/SET SCHEMA PUBLIC
DISCONNECT
/*C375*/SET SCHEMA PUBLIC
DISCONNECT
/*C365*/SET SCHEMA PUBLIC
DISCONNECT
/*C389*/SET SCHEMA PUBLIC
DISCONNECT
/*C387*/SET SCHEMA PUBLIC
DISCONNECT
/*C386*/SET SCHEMA PUBLIC
DISCONNECT
/*C385*/SET SCHEMA PUBLIC
DISCONNECT
/*C388*/SET SCHEMA PUBLIC
DISCONNECT
/*C384*/SET SCHEMA PUBLIC
DISCONNECT
/*C383*/SET SCHEMA PUBLIC
DISCONNECT
/*C390*/SET SCHEMA PUBLIC
DISCONNECT
/*C395*/SET SCHEMA PUBLIC
DISCONNECT
/*C392*/SET SCHEMA PUBLIC
DISCONNECT
/*C394*/SET SCHEMA PUBLIC
DISCONNECT
/*C396*/SET SCHEMA PUBLIC
DISCONNECT
/*C393*/SET SCHEMA PUBLIC
DISCONNECT
/*C391*/SET SCHEMA PUBLIC
DISCONNECT
/*C377*/SET SCHEMA PUBLIC
DISCONNECT
/*C378*/SET SCHEMA PUBLIC
DISCONNECT
/*C382*/SET SCHEMA PUBLIC
DISCONNECT
/*C403*/SET SCHEMA PUBLIC
DISCONNECT
/*C401*/SET SCHEMA PUBLIC
DISCONNECT
/*C399*/SET SCHEMA PUBLIC
DISCONNECT
/*C397*/SET SCHEMA PUBLIC
DISCONNECT
/*C402*/SET SCHEMA PUBLIC
DISCONNECT
/*C381*/SET SCHEMA PUBLIC
DISCONNECT
/*C400*/SET SCHEMA PUBLIC
DISCONNECT
/*C379*/SET SCHEMA PUBLIC
DISCONNECT
/*C398*/SET SCHEMA PUBLIC
DISCONNECT
/*C380*/SET SCHEMA PUBLIC
DISCONNECT
/*C411*/SET SCHEMA PUBLIC
DISCONNECT
/*C417*/SET SCHEMA PUBLIC
DISCONNECT
/*C416*/SET SCHEMA PUBLIC
DISCONNECT
/*C415*/SET SCHEMA PUBLIC
DISCONNECT
/*C414*/SET SCHEMA PUBLIC
DISCONNECT
/*C413*/SET SCHEMA PUBLIC
DISCONNECT
/*C412*/SET SCHEMA PUBLIC
DISCONNECT
/*C406*/SET SCHEMA PUBLIC
DISCONNECT
/*C405*/SET SCHEMA PUBLIC
DISCONNECT
/*C409*/SET SCHEMA PUBLIC
DISCONNECT
/*C408*/SET SCHEMA PUBLIC
DISCONNECT
/*C407*/SET SCHEMA PUBLIC
DISCONNECT
/*C404*/SET SCHEMA PUBLIC
DISCONNECT
/*C410*/SET SCHEMA PUBLIC
DISCONNECT
/*C429*/SET SCHEMA PUBLIC
DISCONNECT
/*C427*/SET SCHEMA PUBLIC
DISCONNECT
/*C428*/SET SCHEMA PUBLIC
DISCONNECT
/*C426*/SET SCHEMA PUBLIC
DISCONNECT
/*C425*/SET SCHEMA PUBLIC
DISCONNECT
/*C424*/SET SCHEMA PUBLIC
DISCONNECT
/*C435*/SET SCHEMA PUBLIC
DISCONNECT
/*C434*/SET SCHEMA PUBLIC
DISCONNECT
/*C432*/SET SCHEMA PUBLIC
DISCONNECT
/*C430*/SET SCHEMA PUBLIC
DISCONNECT
/*C433*/SET SCHEMA PUBLIC
DISCONNECT
/*C431*/SET SCHEMA PUBLIC
DISCONNECT
/*C419*/SET SCHEMA PUBLIC
DISCONNECT
/*C421*/SET SCHEMA PUBLIC
DISCONNECT
/*C423*/SET SCHEMA PUBLIC
DISCONNECT
/*C418*/SET SCHEMA PUBLIC
DISCONNECT
/*C420*/SET SCHEMA PUBLIC
DISCONNECT
/*C422*/SET SCHEMA PUBLIC
DISCONNECT
